  sample   1/40 11:09:31Z best gross +0.5601% (BTT/ZEUR)
  sample   2/40 11:09:50Z best gross +0.5548% (BTT/ZEUR)
  sample   3/40 11:10:08Z best gross +0.1915% (SGB/ZEUR)
  sample   4/40 11:10:26Z best gross +0.1950% (SGB/ZEUR)
  sample   5/40 11:10:44Z best gross +0.1879% (WBT/ZEUR)
  sample   6/40 11:11:02Z best gross +0.5618% (BTT/ZEUR)
  sample   7/40 11:11:20Z best gross +0.1898% (WBT/ZEUR)
  sample   8/40 11:11:38Z best gross +0.4945% (BTT/ZEUR)
  sample   9/40 11:11:56Z best gross +0.4928% (BTT/ZEUR)
  sample  10/40 11:12:14Z best gross +0.2986% (PAXG/XETH)
  sample  11/40 11:12:33Z best gross +0.1915% (SGB/ZEUR)
  sample  12/40 11:12:51Z best gross +0.2182% (PAXG/XETH)
  sample  13/40 11:13:09Z best gross +0.4893% (BTT/ZEUR)
  sample  14/40 11:13:27Z best gross +0.1985% (SGB/ZEUR)
  sample  15/40 11:13:45Z best gross +0.2021% (SGB/ZEUR)
  sample  16/40 11:14:04Z best gross +0.1909% (WBT/ZEUR)
  sample  17/40 11:14:22Z best gross +0.2512% (PAXG/XETH)
  sample  18/40 11:14:40Z best gross +0.1928% (WBT/ZEUR)
  sample  19/40 11:14:59Z best gross +0.1920% (WBT/ZEUR)
  sample  20/40 11:15:17Z best gross +0.2057% (XMLN/XXBT)
  sample  21/40 11:15:35Z best gross +0.2078% (XMLN/XXBT)
  sample  22/40 11:15:53Z best gross +0.1968% (WBT/ZEUR)
  sample  23/40 11:16:11Z best gross +0.1841% (WBT/ZEUR)
  sample  24/40 11:16:30Z best gross +0.1966% (WBT/ZEUR)
  sample  25/40 11:16:48Z best gross +0.1940% (WBT/ZEUR)
  sample  26/40 11:17:06Z best gross +0.1920% (WBT/ZEUR)
  sample  27/40 11:17:24Z best gross +0.1963% (WBT/ZEUR)
  sample  28/40 11:17:43Z best gross +0.1866% (WBT/ZEUR)
  sample  29/40 11:18:01Z best gross +0.2029% (TEL/ZEUR)
  sample  30/40 11:18:19Z best gross +0.2055% (TEL/ZEUR)
  sample  31/40 11:18:37Z best gross +0.2091% (TEL/ZEUR)
  sample  32/40 11:18:56Z best gross +0.2091% (TEL/ZEUR)
  sample  33/40 11:19:14Z best gross +0.2073% (TEL/ZEUR)
  sample  34/40 11:19:32Z best gross +0.2055% (TEL/ZEUR)
  sample  35/40 11:19:50Z best gross +0.2091% (TEL/ZEUR)
  sample  36/40 11:20:08Z best gross +0.2966% (OOB/ZEUR)
  sample  37/40 11:20:27Z best gross +0.3028% (OOB/ZEUR)
  sample  38/40 11:20:45Z best gross +0.2020% (TEL/ZEUR)
  sample  39/40 11:21:03Z best gross +0.2047% (TEL/ZEUR)
  sample  40/40 11:21:22Z best gross +0.1976% (TEL/ZEUR)

over 40 snapshots: max +0.5618%  mean +0.2566%
snapshots clearing the 1.20% all-maker hurdle: 0/40
